c:\shared\source\repos\oss\ventoy\plugson\vs\ventoyplugson\ventoyplugson\ventoyplugson\release\vc143.pdb
c:\shared\source\repos\oss\ventoy\plugson\vs\ventoyplugson\ventoyplugson\ventoyplugson\release\fat_string.obj
c:\shared\source\repos\oss\ventoy\plugson\vs\ventoyplugson\ventoyplugson\ventoyplugson\release\fat_misc.obj
c:\shared\source\repos\oss\ventoy\plugson\vs\ventoyplugson\ventoyplugson\ventoyplugson\release\fat_format.obj
c:\shared\source\repos\oss\ventoy\plugson\vs\ventoyplugson\ventoyplugson\ventoyplugson\release\fat_filelib.obj
c:\shared\source\repos\oss\ventoy\plugson\vs\ventoyplugson\ventoyplugson\ventoyplugson\release\fat_cache.obj
c:\shared\source\repos\oss\ventoy\plugson\vs\ventoyplugson\ventoyplugson\ventoyplugson\release\fat_access.obj
c:\shared\source\repos\oss\ventoy\plugson\vs\ventoyplugson\ventoyplugson\ventoyplugson\release\ventoy_util_windows_thread.obj
c:\shared\source\repos\oss\ventoy\plugson\vs\ventoyplugson\ventoyplugson\ventoyplugson\release\ventoy_util_windows_path.obj
c:\shared\source\repos\oss\ventoy\plugson\vs\ventoyplugson\ventoyplugson\ventoyplugson\release\ventoy_util_windows_disk.obj
c:\shared\source\repos\oss\ventoy\plugson\vs\ventoyplugson\ventoyplugson\ventoyplugson\release\ventoy_util_windows.obj
c:\shared\source\repos\oss\ventoy\plugson\vs\ventoyplugson\ventoyplugson\ventoyplugson\release\ventoy_util.obj
c:\shared\source\repos\oss\ventoy\plugson\vs\ventoyplugson\ventoyplugson\ventoyplugson\release\ventoy_utf.obj
c:\shared\source\repos\oss\ventoy\plugson\vs\ventoyplugson\ventoyplugson\ventoyplugson\release\ventoy_md5.obj
c:\shared\source\repos\oss\ventoy\plugson\vs\ventoyplugson\ventoyplugson\ventoyplugson\release\ventoy_log.obj
c:\shared\source\repos\oss\ventoy\plugson\vs\ventoyplugson\ventoyplugson\ventoyplugson\release\ventoy_json_parse.obj
c:\shared\source\repos\oss\ventoy\plugson\vs\ventoyplugson\ventoyplugson\ventoyplugson\release\ventoy_json_get.obj
c:\shared\source\repos\oss\ventoy\plugson\vs\ventoyplugson\ventoyplugson\ventoyplugson\release\ventoy_json.obj
c:\shared\source\repos\oss\ventoy\plugson\vs\ventoyplugson\ventoyplugson\ventoyplugson\release\ventoy_disk_windows.obj
c:\shared\source\repos\oss\ventoy\plugson\vs\ventoyplugson\ventoyplugson\ventoyplugson\release\ventoy_disk.obj
c:\shared\source\repos\oss\ventoy\plugson\vs\ventoyplugson\ventoyplugson\ventoyplugson\release\ventoy_crc32.obj
c:\shared\source\repos\oss\ventoy\plugson\vs\ventoyplugson\ventoyplugson\ventoyplugson\release\ventoy_http.obj
c:\shared\source\repos\oss\ventoy\plugson\vs\ventoyplugson\ventoyplugson\ventoyplugson\release\main_windows.obj
c:\shared\source\repos\oss\ventoy\plugson\vs\ventoyplugson\ventoyplugson\ventoyplugson\release\decompress_unxz.obj
c:\shared\source\repos\oss\ventoy\plugson\vs\ventoyplugson\ventoyplugson\ventoyplugson\release\civetweb.obj
c:\shared\source\repos\oss\ventoy\plugson\vs\ventoyplugson\ventoyplugson\ventoyplugson\release\fat_write.obj
c:\shared\source\repos\oss\ventoy\plugson\vs\ventoyplugson\ventoyplugson\ventoyplugson\release\fat_table.obj
c:\shared\source\repos\oss\ventoy\plugson\vs\ventoyplugson\ventoyplugson\release\ventoyplugson.exe
c:\shared\source\repos\oss\ventoy\plugson\vs\ventoyplugson\ventoyplugson\release\ventoyplugson.pdb
c:\shared\source\repos\oss\ventoy\plugson\vs\ventoyplugson\ventoyplugson\ventoyplugson\release\ventoyplugson.res
c:\shared\source\repos\oss\ventoy\plugson\vs\ventoyplugson\ventoyplugson\ventoyplugson\release\ventoyplugson.ipdb
c:\shared\source\repos\oss\ventoy\plugson\vs\ventoyplugson\ventoyplugson\ventoyplugson\release\ventoyplugson.iobj
c:\shared\source\repos\oss\ventoy\plugson\vs\ventoyplugson\ventoyplugson\ventoyplugson\release\ventoyplugson.tlog\cl.command.1.tlog
c:\shared\source\repos\oss\ventoy\plugson\vs\ventoyplugson\ventoyplugson\ventoyplugson\release\ventoyplugson.tlog\cl.items.tlog
c:\shared\source\repos\oss\ventoy\plugson\vs\ventoyplugson\ventoyplugson\ventoyplugson\release\ventoyplugson.tlog\cl.read.1.tlog
c:\shared\source\repos\oss\ventoy\plugson\vs\ventoyplugson\ventoyplugson\ventoyplugson\release\ventoyplugson.tlog\cl.write.1.tlog
c:\shared\source\repos\oss\ventoy\plugson\vs\ventoyplugson\ventoyplugson\ventoyplugson\release\ventoyplugson.tlog\link.command.1.tlog
c:\shared\source\repos\oss\ventoy\plugson\vs\ventoyplugson\ventoyplugson\ventoyplugson\release\ventoyplugson.tlog\link.read.1.tlog
c:\shared\source\repos\oss\ventoy\plugson\vs\ventoyplugson\ventoyplugson\ventoyplugson\release\ventoyplugson.tlog\link.secondary.1.tlog
c:\shared\source\repos\oss\ventoy\plugson\vs\ventoyplugson\ventoyplugson\ventoyplugson\release\ventoyplugson.tlog\link.write.1.tlog
c:\shared\source\repos\oss\ventoy\plugson\vs\ventoyplugson\ventoyplugson\ventoyplugson\release\ventoyplugson.tlog\rc.command.1.tlog
c:\shared\source\repos\oss\ventoy\plugson\vs\ventoyplugson\ventoyplugson\ventoyplugson\release\ventoyplugson.tlog\rc.read.1.tlog
c:\shared\source\repos\oss\ventoy\plugson\vs\ventoyplugson\ventoyplugson\ventoyplugson\release\ventoyplugson.tlog\rc.write.1.tlog
