c:\shared\source\repos\oss\ventoy\ventoy2disk\ventoy2disk\ventoy2disk\release\vc143.pdb
c:\shared\source\repos\oss\ventoy\ventoy2disk\ventoy2disk\ventoy2disk\release\ffunicode.obj
c:\shared\source\repos\oss\ventoy\ventoy2disk\ventoy2disk\ventoy2disk\release\ffsystem.obj
c:\shared\source\repos\oss\ventoy\ventoy2disk\ventoy2disk\ventoy2disk\release\ff.obj
c:\shared\source\repos\oss\ventoy\ventoy2disk\ventoy2disk\ventoy2disk\release\diskio.obj
c:\shared\source\repos\oss\ventoy\ventoy2disk\ventoy2disk\ventoy2disk\release\fat_write.obj
c:\shared\source\repos\oss\ventoy\ventoy2disk\ventoy2disk\ventoy2disk\release\fat_table.obj
c:\shared\source\repos\oss\ventoy\ventoy2disk\ventoy2disk\ventoy2disk\release\fat_string.obj
c:\shared\source\repos\oss\ventoy\ventoy2disk\ventoy2disk\ventoy2disk\release\fat_misc.obj
c:\shared\source\repos\oss\ventoy\ventoy2disk\ventoy2disk\ventoy2disk\release\fat_format.obj
c:\shared\source\repos\oss\ventoy\ventoy2disk\ventoy2disk\ventoy2disk\release\fat_filelib.obj
c:\shared\source\repos\oss\ventoy\ventoy2disk\ventoy2disk\ventoy2disk\release\fat_cache.obj
c:\shared\source\repos\oss\ventoy\ventoy2disk\ventoy2disk\ventoy2disk\release\fat_access.obj
c:\shared\source\repos\oss\ventoy\ventoy2disk\ventoy2disk\ventoy2disk\release\diskservice_wmsa.obj
c:\shared\source\repos\oss\ventoy\ventoy2disk\ventoy2disk\ventoy2disk\release\diskservice_vds_volume.obj
c:\shared\source\repos\oss\ventoy\ventoy2disk\ventoy2disk\ventoy2disk\release\diskservice_vds_errors.obj
c:\shared\source\repos\oss\ventoy\ventoy2disk\ventoy2disk\ventoy2disk\release\diskservice_vds.obj
c:\shared\source\repos\oss\ventoy\ventoy2disk\ventoy2disk\ventoy2disk\release\diskservice_diskpart.obj
c:\shared\source\repos\oss\ventoy\ventoy2disk\ventoy2disk\ventoy2disk\release\diskservice.obj
c:\shared\source\repos\oss\ventoy\ventoy2disk\ventoy2disk\ventoy2disk\release\crc32.obj
c:\shared\source\repos\oss\ventoy\ventoy2disk\ventoy2disk\ventoy2disk\release\alertsuppress.obj
c:\shared\source\repos\oss\ventoy\ventoy2disk\ventoy2disk\ventoy2disk\release\ventoyjson_get.obj
c:\shared\source\repos\oss\ventoy\ventoy2disk\ventoy2disk\ventoy2disk\release\ventoyjson.obj
c:\shared\source\repos\oss\ventoy\ventoy2disk\ventoy2disk\ventoy2disk\release\ventoy2disk.obj
c:\shared\source\repos\oss\ventoy\ventoy2disk\ventoy2disk\ventoy2disk\release\utility_winver.obj
c:\shared\source\repos\oss\ventoy\ventoy2disk\ventoy2disk\ventoy2disk\release\utility_partition.obj
c:\shared\source\repos\oss\ventoy\ventoy2disk\ventoy2disk\ventoy2disk\release\utility_log.obj
c:\shared\source\repos\oss\ventoy\ventoy2disk\ventoy2disk\ventoy2disk\release\utility_file.obj
c:\shared\source\repos\oss\ventoy\ventoy2disk\ventoy2disk\ventoy2disk\release\utility.obj
c:\shared\source\repos\oss\ventoy\ventoy2disk\ventoy2disk\ventoy2disk\release\process.obj
c:\shared\source\repos\oss\ventoy\ventoy2disk\ventoy2disk\ventoy2disk\release\phydrive_update.obj
c:\shared\source\repos\oss\ventoy\ventoy2disk\ventoy2disk\ventoy2disk\release\phydrive_secboot.obj
c:\shared\source\repos\oss\ventoy\ventoy2disk\ventoy2disk\ventoy2disk\release\phydrive_resize.obj
c:\shared\source\repos\oss\ventoy\ventoy2disk\ventoy2disk\ventoy2disk\release\phydrive_match.obj
c:\shared\source\repos\oss\ventoy\ventoy2disk\ventoy2disk\ventoy2disk\release\phydrive_install.obj
c:\shared\source\repos\oss\ventoy\ventoy2disk\ventoy2disk\ventoy2disk\release\phydrive_format.obj
c:\shared\source\repos\oss\ventoy\ventoy2disk\ventoy2disk\ventoy2disk\release\phydrive_fatver.obj
c:\shared\source\repos\oss\ventoy\ventoy2disk\ventoy2disk\ventoy2disk\release\phydrive_clear.obj
c:\shared\source\repos\oss\ventoy\ventoy2disk\ventoy2disk\ventoy2disk\release\phydrive.obj
c:\shared\source\repos\oss\ventoy\ventoy2disk\ventoy2disk\ventoy2disk\release\partdialog.obj
c:\shared\source\repos\oss\ventoy\ventoy2disk\ventoy2disk\ventoy2disk\release\language.obj
c:\shared\source\repos\oss\ventoy\ventoy2disk\ventoy2disk\ventoy2disk\release\yesdialog.obj
c:\shared\source\repos\oss\ventoy\ventoy2disk\ventoy2disk\ventoy2disk\release\decompress_unxz.obj
c:\shared\source\repos\oss\ventoy\ventoy2disk\ventoy2disk\ventoy2disk\release\windialog.obj
c:\shared\source\repos\oss\ventoy\ventoy2disk\ventoy2disk\ventoy2disk\release\ventoy_cli_ops.obj
c:\shared\source\repos\oss\ventoy\ventoy2disk\ventoy2disk\ventoy2disk\release\ventoy_cli_drive.obj
c:\shared\source\repos\oss\ventoy\ventoy2disk\ventoy2disk\ventoy2disk\release\ventoy_cli_console.obj
c:\shared\source\repos\oss\ventoy\ventoy2disk\ventoy2disk\ventoy2disk\release\ventoy_cli_args.obj
c:\shared\source\repos\oss\ventoy\ventoy2disk\ventoy2disk\ventoy2disk\release\ventoy_cli.obj
c:\shared\source\repos\oss\ventoy\ventoy2disk\ventoy2disk\ventoy2disk\release\ventoyjson_parse.obj
c:\shared\source\repos\oss\ventoy\ventoy2disk\ventoy2disk\release\ventoy2disk.exe
c:\shared\source\repos\oss\ventoy\ventoy2disk\ventoy2disk\release\ventoy2disk.pdb
c:\shared\source\repos\oss\ventoy\ventoy2disk\ventoy2disk\ventoy2disk\release\ventoy2disk.res
c:\shared\source\repos\oss\ventoy\ventoy2disk\ventoy2disk\ventoy2disk\release\ventoy2disk.ipdb
c:\shared\source\repos\oss\ventoy\ventoy2disk\ventoy2disk\ventoy2disk\release\ventoy2disk.iobj
c:\shared\source\repos\oss\ventoy\ventoy2disk\ventoy2disk\ventoy2disk\release\ventoy2disk.tlog\cl.command.1.tlog
c:\shared\source\repos\oss\ventoy\ventoy2disk\ventoy2disk\ventoy2disk\release\ventoy2disk.tlog\cl.items.tlog
c:\shared\source\repos\oss\ventoy\ventoy2disk\ventoy2disk\ventoy2disk\release\ventoy2disk.tlog\cl.read.1.tlog
c:\shared\source\repos\oss\ventoy\ventoy2disk\ventoy2disk\ventoy2disk\release\ventoy2disk.tlog\cl.write.1.tlog
c:\shared\source\repos\oss\ventoy\ventoy2disk\ventoy2disk\ventoy2disk\release\ventoy2disk.tlog\link.command.1.tlog
c:\shared\source\repos\oss\ventoy\ventoy2disk\ventoy2disk\ventoy2disk\release\ventoy2disk.tlog\link.read.1.tlog
c:\shared\source\repos\oss\ventoy\ventoy2disk\ventoy2disk\ventoy2disk\release\ventoy2disk.tlog\link.secondary.1.tlog
c:\shared\source\repos\oss\ventoy\ventoy2disk\ventoy2disk\ventoy2disk\release\ventoy2disk.tlog\link.write.1.tlog
c:\shared\source\repos\oss\ventoy\ventoy2disk\ventoy2disk\ventoy2disk\release\ventoy2disk.tlog\rc.command.1.tlog
c:\shared\source\repos\oss\ventoy\ventoy2disk\ventoy2disk\ventoy2disk\release\ventoy2disk.tlog\rc.read.1.tlog
c:\shared\source\repos\oss\ventoy\ventoy2disk\ventoy2disk\ventoy2disk\release\ventoy2disk.tlog\rc.write.1.tlog
