c:\shared\source\repos\oss\ventoy\vtoyjump\vtoyjump\vtoyjump\release\vc143.pdb
c:\shared\source\repos\oss\ventoy\vtoyjump\vtoyjump\vtoyjump\release\decompress_unxz.obj
c:\shared\source\repos\oss\ventoy\vtoyjump\vtoyjump\vtoyjump\release\vtoyjump.obj
c:\shared\source\repos\oss\ventoy\vtoyjump\vtoyjump\vtoyjump\release\setupmon.obj
c:\shared\source\repos\oss\ventoy\vtoyjump\vtoyjump\vtoyjump\release\fat_write.obj
c:\shared\source\repos\oss\ventoy\vtoyjump\vtoyjump\vtoyjump\release\fat_table.obj
c:\shared\source\repos\oss\ventoy\vtoyjump\vtoyjump\vtoyjump\release\fat_string.obj
c:\shared\source\repos\oss\ventoy\vtoyjump\vtoyjump\vtoyjump\release\fat_misc.obj
c:\shared\source\repos\oss\ventoy\vtoyjump\vtoyjump\vtoyjump\release\fat_format.obj
c:\shared\source\repos\oss\ventoy\vtoyjump\vtoyjump\vtoyjump\release\fat_filelib.obj
c:\shared\source\repos\oss\ventoy\vtoyjump\vtoyjump\vtoyjump\release\fat_cache.obj
c:\shared\source\repos\oss\ventoy\vtoyjump\vtoyjump\vtoyjump\release\fat_access.obj
c:\shared\source\repos\oss\ventoy\vtoyjump\vtoyjump\release\vtoyjump32.exe
c:\shared\source\repos\oss\ventoy\vtoyjump\vtoyjump\release\vtoyjump32.pdb
c:\shared\source\repos\oss\ventoy\vtoyjump\vtoyjump\vtoyjump\release\vtoyjump32.ipdb
c:\shared\source\repos\oss\ventoy\vtoyjump\vtoyjump\vtoyjump\release\vtoyjump32.iobj
c:\shared\source\repos\oss\ventoy\vtoyjump\vtoyjump\vtoyjump\release\vtoyjump.tlog\cl.command.1.tlog
c:\shared\source\repos\oss\ventoy\vtoyjump\vtoyjump\vtoyjump\release\vtoyjump.tlog\cl.items.tlog
c:\shared\source\repos\oss\ventoy\vtoyjump\vtoyjump\vtoyjump\release\vtoyjump.tlog\cl.read.1.tlog
c:\shared\source\repos\oss\ventoy\vtoyjump\vtoyjump\vtoyjump\release\vtoyjump.tlog\cl.write.1.tlog
c:\shared\source\repos\oss\ventoy\vtoyjump\vtoyjump\vtoyjump\release\vtoyjump.tlog\link.command.1.tlog
c:\shared\source\repos\oss\ventoy\vtoyjump\vtoyjump\vtoyjump\release\vtoyjump.tlog\link.read.1.tlog
c:\shared\source\repos\oss\ventoy\vtoyjump\vtoyjump\vtoyjump\release\vtoyjump.tlog\link.secondary.1.tlog
c:\shared\source\repos\oss\ventoy\vtoyjump\vtoyjump\vtoyjump\release\vtoyjump.tlog\link.write.1.tlog
